Apr 13, 2026 2:43:33 PM deemcee.Network.Client loadConfig
WARNING: Không thể tải config
java.io.FileNotFoundException: config.properties (The system cannot find the file specified)
	at java.base/java.io.FileInputStream.open0(Native Method)
	at java.base/java.io.FileInputStream.open(FileInputStream.java:219)
	at java.base/java.io.FileInputStream.<init>(FileInputStream.java:159)
	at java.base/java.io.FileInputStream.<init>(FileInputStream.java:112)
	at deemcee.Network.Client.loadConfig(Client.java:69)
	at deemcee.Network.Client.<init>(Client.java:14)
	at deemcee.Network.Client.main(Client.java:89)

Apr 13, 2026 2:47:23 PM deemcee.Network.Client loadConfig
WARNING: Không thể tải config
java.io.FileNotFoundException: config.properties (The system cannot find the file specified)
	at java.base/java.io.FileInputStream.open0(Native Method)
	at java.base/java.io.FileInputStream.open(FileInputStream.java:219)
	at java.base/java.io.FileInputStream.<init>(FileInputStream.java:159)
	at java.base/java.io.FileInputStream.<init>(FileInputStream.java:112)
	at deemcee.Network.Client.loadConfig(Client.java:69)
	at deemcee.Network.Client.<init>(Client.java:14)
	at deemcee.Network.Client.main(Client.java:89)

Apr 13, 2026 2:47:23 PM deemcee.Network.Client <init>
SEVERE: Lỗi Mất kết nối
java.net.ConnectException: Connection refused: getsockopt
	at java.base/sun.nio.ch.Net.pollConnect(Native Method)
	at java.base/sun.nio.ch.Net.pollConnectNow(Net.java:682)
	at java.base/sun.nio.ch.NioSocketImpl.timedFinishConnect(NioSocketImpl.java:542)
	at java.base/sun.nio.ch.NioSocketImpl.connect(NioSocketImpl.java:592)
	at java.base/java.net.SocksSocketImpl.connect(SocksSocketImpl.java:327)
	at java.base/java.net.Socket.connect(Socket.java:760)
	at deemcee.Network.Client.<init>(Client.java:26)
	at deemcee.Network.Client.main(Client.java:89)

Apr 13, 2026 2:47:34 PM deemcee.Network.Client loadConfig
WARNING: Không thể tải config
java.io.FileNotFoundException: config.properties (The system cannot find the file specified)
	at java.base/java.io.FileInputStream.open0(Native Method)
	at java.base/java.io.FileInputStream.open(FileInputStream.java:219)
	at java.base/java.io.FileInputStream.<init>(FileInputStream.java:159)
	at java.base/java.io.FileInputStream.<init>(FileInputStream.java:112)
	at deemcee.Network.Client.loadConfig(Client.java:69)
	at deemcee.Network.Client.<init>(Client.java:14)
	at deemcee.Network.Client.main(Client.java:89)

Apr 13, 2026 2:47:54 PM deemcee.Network.Client <init>
SEVERE: Lỗi Mất kết nối
java.net.SocketException: Connection reset by peer
	at java.base/sun.nio.ch.SocketDispatcher.write0(Native Method)
	at java.base/sun.nio.ch.SocketDispatcher.write(SocketDispatcher.java:54)
	at java.base/sun.nio.ch.NioSocketImpl.tryWrite(NioSocketImpl.java:394)
	at java.base/sun.nio.ch.NioSocketImpl.implWrite(NioSocketImpl.java:410)
	at java.base/sun.nio.ch.NioSocketImpl.write(NioSocketImpl.java:440)
	at java.base/sun.nio.ch.NioSocketImpl$2.write(NioSocketImpl.java:819)
	at java.base/java.net.Socket$SocketOutputStream.implWrite(Socket.java:1231)
	at java.base/java.net.Socket$SocketOutputStream.write(Socket.java:1218)
	at java.base/java.io.DataOutputStream.write(DataOutputStream.java:118)
	at java.base/java.io.DataOutputStream.writeUTF(DataOutputStream.java:400)
	at java.base/java.io.DataOutputStream.writeUTF(DataOutputStream.java:330)
	at deemcee.Network.Client.<init>(Client.java:40)
	at deemcee.Network.Client.main(Client.java:89)

Apr 13, 2026 3:24:39 PM deemcee.Network.Client loadConfig
WARNING: Không thể tải config
java.io.FileNotFoundException: config.properties (The system cannot find the file specified)
	at java.base/java.io.FileInputStream.open0(Native Method)
	at java.base/java.io.FileInputStream.open(FileInputStream.java:219)
	at java.base/java.io.FileInputStream.<init>(FileInputStream.java:159)
	at java.base/java.io.FileInputStream.<init>(FileInputStream.java:112)
	at deemcee.Network.Client.loadConfig(Client.java:74)
	at deemcee.Network.Client.<init>(Client.java:15)
	at deemcee.Network.Client.main(Client.java:94)

Apr 13, 2026 3:24:39 PM deemcee.Network.Client <init>
SEVERE: Lỗi Mất kết nối
java.net.ConnectException: Connection refused: connect
	at java.base/sun.nio.ch.Net.connect0(Native Method)
	at java.base/sun.nio.ch.Net.connect(Net.java:589)
	at java.base/sun.nio.ch.Net.connect(Net.java:578)
	at java.base/sun.nio.ch.NioSocketImpl.connect(NioSocketImpl.java:583)
	at java.base/java.net.SocksSocketImpl.connect(SocksSocketImpl.java:327)
	at java.base/java.net.Socket.connect(Socket.java:760)
	at java.base/java.net.Socket.connect(Socket.java:695)
	at java.base/java.net.Socket.<init>(Socket.java:564)
	at java.base/java.net.Socket.<init>(Socket.java:328)
	at deemcee.Network.Client.<init>(Client.java:23)
	at deemcee.Network.Client.main(Client.java:94)

Apr 13, 2026 3:24:49 PM deemcee.Network.Client loadConfig
WARNING: Không thể tải config
java.io.FileNotFoundException: config.properties (The system cannot find the file specified)
	at java.base/java.io.FileInputStream.open0(Native Method)
	at java.base/java.io.FileInputStream.open(FileInputStream.java:219)
	at java.base/java.io.FileInputStream.<init>(FileInputStream.java:159)
	at java.base/java.io.FileInputStream.<init>(FileInputStream.java:112)
	at deemcee.Network.Client.loadConfig(Client.java:74)
	at deemcee.Network.Client.<init>(Client.java:15)
	at deemcee.Network.Client.main(Client.java:94)

Apr 13, 2026 3:26:21 PM deemcee.Network.Client loadConfig
WARNING: Không thể tải config
java.io.FileNotFoundException: config.properties (The system cannot find the file specified)
	at java.base/java.io.FileInputStream.open0(Native Method)
	at java.base/java.io.FileInputStream.open(FileInputStream.java:219)
	at java.base/java.io.FileInputStream.<init>(FileInputStream.java:159)
	at java.base/java.io.FileInputStream.<init>(FileInputStream.java:112)
	at deemcee.Network.Client.loadConfig(Client.java:75)
	at deemcee.Network.Client.<init>(Client.java:15)
	at deemcee.Network.Client.main(Client.java:95)

Apr 13, 2026 3:29:05 PM deemcee.Network.Client loadConfig
WARNING: Không thể tải config
java.io.FileNotFoundException: config.properties (The system cannot find the file specified)
	at java.base/java.io.FileInputStream.open0(Native Method)
	at java.base/java.io.FileInputStream.open(FileInputStream.java:219)
	at java.base/java.io.FileInputStream.<init>(FileInputStream.java:159)
	at java.base/java.io.FileInputStream.<init>(FileInputStream.java:112)
	at deemcee.Network.Client.loadConfig(Client.java:75)
	at deemcee.Network.Client.<init>(Client.java:15)
	at deemcee.Network.Client.main(Client.java:95)

Apr 13, 2026 3:30:50 PM deemcee.Network.Client loadConfig
WARNING: Không thể tải config
java.io.FileNotFoundException: config.properties (The system cannot find the file specified)
	at java.base/java.io.FileInputStream.open0(Native Method)
	at java.base/java.io.FileInputStream.open(FileInputStream.java:219)
	at java.base/java.io.FileInputStream.<init>(FileInputStream.java:159)
	at java.base/java.io.FileInputStream.<init>(FileInputStream.java:112)
	at deemcee.Network.Client.loadConfig(Client.java:75)
	at deemcee.Network.Client.<init>(Client.java:15)
	at deemcee.Network.Client.main(Client.java:95)

Apr 13, 2026 3:31:24 PM deemcee.Network.Client loadConfig
WARNING: Không thể tải config
java.io.FileNotFoundException: config.properties (The system cannot find the file specified)
	at java.base/java.io.FileInputStream.open0(Native Method)
	at java.base/java.io.FileInputStream.open(FileInputStream.java:219)
	at java.base/java.io.FileInputStream.<init>(FileInputStream.java:159)
	at java.base/java.io.FileInputStream.<init>(FileInputStream.java:112)
	at deemcee.Network.Client.loadConfig(Client.java:75)
	at deemcee.Network.Client.<init>(Client.java:15)
	at deemcee.Network.Client.main(Client.java:95)

Apr 13, 2026 3:35:14 PM deemcee.Network.Client loadConfig
WARNING: Không thể tải config
java.io.FileNotFoundException: config.properties (The system cannot find the file specified)
	at java.base/java.io.FileInputStream.open0(Native Method)
	at java.base/java.io.FileInputStream.open(FileInputStream.java:219)
	at java.base/java.io.FileInputStream.<init>(FileInputStream.java:159)
	at java.base/java.io.FileInputStream.<init>(FileInputStream.java:112)
	at deemcee.Network.Client.loadConfig(Client.java:75)
	at deemcee.Network.Client.<init>(Client.java:15)
	at deemcee.Network.Client.main(Client.java:95)

Apr 13, 2026 3:36:06 PM deemcee.Network.Client loadConfig
WARNING: Không thể tải config
java.io.FileNotFoundException: config.properties (The system cannot find the file specified)
	at java.base/java.io.FileInputStream.open0(Native Method)
	at java.base/java.io.FileInputStream.open(FileInputStream.java:219)
	at java.base/java.io.FileInputStream.<init>(FileInputStream.java:159)
	at java.base/java.io.FileInputStream.<init>(FileInputStream.java:112)
	at deemcee.Network.Client.loadConfig(Client.java:75)
	at deemcee.Network.Client.<init>(Client.java:15)
	at deemcee.Network.Client.main(Client.java:95)

Apr 13, 2026 3:37:54 PM deemcee.Network.Client loadConfig
WARNING: Không thể tải config
java.io.FileNotFoundException: config.properties (The system cannot find the file specified)
	at java.base/java.io.FileInputStream.open0(Native Method)
	at java.base/java.io.FileInputStream.open(FileInputStream.java:219)
	at java.base/java.io.FileInputStream.<init>(FileInputStream.java:159)
	at java.base/java.io.FileInputStream.<init>(FileInputStream.java:112)
	at deemcee.Network.Client.loadConfig(Client.java:74)
	at deemcee.Network.Client.<init>(Client.java:15)
	at deemcee.Network.Client.main(Client.java:94)

Apr 13, 2026 3:38:54 PM deemcee.Network.Client <init>
SEVERE: Lỗi Mất kết nối
java.net.SocketException: Connection reset by peer
	at java.base/sun.nio.ch.SocketDispatcher.write0(Native Method)
	at java.base/sun.nio.ch.SocketDispatcher.write(SocketDispatcher.java:54)
	at java.base/sun.nio.ch.NioSocketImpl.tryWrite(NioSocketImpl.java:394)
	at java.base/sun.nio.ch.NioSocketImpl.implWrite(NioSocketImpl.java:410)
	at java.base/sun.nio.ch.NioSocketImpl.write(NioSocketImpl.java:440)
	at java.base/sun.nio.ch.NioSocketImpl$2.write(NioSocketImpl.java:819)
	at java.base/java.net.Socket$SocketOutputStream.implWrite(Socket.java:1231)
	at java.base/java.net.Socket$SocketOutputStream.write(Socket.java:1218)
	at java.base/java.io.DataOutputStream.write(DataOutputStream.java:118)
	at java.base/java.io.DataOutputStream.writeUTF(DataOutputStream.java:400)
	at java.base/java.io.DataOutputStream.writeUTF(DataOutputStream.java:330)
	at deemcee.Network.Client.<init>(Client.java:52)
	at deemcee.Network.Client.main(Client.java:94)

Apr 13, 2026 3:39:49 PM deemcee.Network.Client loadConfig
WARNING: Không thể tải config
java.io.FileNotFoundException: config.properties (The system cannot find the file specified)
	at java.base/java.io.FileInputStream.open0(Native Method)
	at java.base/java.io.FileInputStream.open(FileInputStream.java:219)
	at java.base/java.io.FileInputStream.<init>(FileInputStream.java:159)
	at java.base/java.io.FileInputStream.<init>(FileInputStream.java:112)
	at deemcee.Network.Client.loadConfig(Client.java:74)
	at deemcee.Network.Client.<init>(Client.java:15)
	at deemcee.Network.Client.main(Client.java:94)

Apr 13, 2026 3:39:49 PM deemcee.Network.Client <init>
SEVERE: Lỗi Mất kết nối
java.net.ConnectException: Connection refused: connect
	at java.base/sun.nio.ch.Net.connect0(Native Method)
	at java.base/sun.nio.ch.Net.connect(Net.java:589)
	at java.base/sun.nio.ch.Net.connect(Net.java:578)
	at java.base/sun.nio.ch.NioSocketImpl.connect(NioSocketImpl.java:583)
	at java.base/java.net.SocksSocketImpl.connect(SocksSocketImpl.java:327)
	at java.base/java.net.Socket.connect(Socket.java:760)
	at java.base/java.net.Socket.connect(Socket.java:695)
	at java.base/java.net.Socket.<init>(Socket.java:564)
	at java.base/java.net.Socket.<init>(Socket.java:328)
	at deemcee.Network.Client.<init>(Client.java:23)
	at deemcee.Network.Client.main(Client.java:94)

Apr 13, 2026 3:40:05 PM deemcee.Network.Client loadConfig
WARNING: Không thể tải config
java.io.FileNotFoundException: config.properties (The system cannot find the file specified)
	at java.base/java.io.FileInputStream.open0(Native Method)
	at java.base/java.io.FileInputStream.open(FileInputStream.java:219)
	at java.base/java.io.FileInputStream.<init>(FileInputStream.java:159)
	at java.base/java.io.FileInputStream.<init>(FileInputStream.java:112)
	at deemcee.Network.Client.loadConfig(Client.java:74)
	at deemcee.Network.Client.<init>(Client.java:15)
	at deemcee.Network.Client.main(Client.java:94)

